gtom\arsenal\textures\arsenal_classic.png
gtom\arsenal\textures\arsenal_dark.png
gtom\arsenal\textures\gto_unit_logo_map.png
gtom\boxes\textures\plasticcase\uniforms_box_idap_ca.png
gtom\extendedarsenal\textures\colors\beretcolor_black.png
gtom\extendedarsenal\textures\colors\beretcolor_blue.png
gtom\extendedarsenal\textures\colors\beretcolor_gray.png
gtom\extendedarsenal\textures\colors\beretcolor_green.png
gtom\extendedarsenal\textures\colors\beretcolor_orange.png
gtom\extendedarsenal\textures\colors\beretcolor_pink.png
gtom\extendedarsenal\textures\colors\beretcolor_red.png
gtom\extendedarsenal\textures\colors\beretcolor_violett.png
gtom\extendedarsenal\textures\colors\beretcolor_white.png
gtom\extendedarsenal\textures\colors\beretcolor_yellow.png
gtom\images\icons\assault_ca.png
gtom\images\icons\roles\at_icon.png
gtom\images\icons\roles\crewman_icon.png
gtom\images\icons\roles\eng_icon.png
gtom\images\icons\roles\expsp_icon.png
gtom\images\icons\roles\grenadier_icon.png
gtom\images\icons\roles\hat_icon.png
gtom\images\icons\roles\lc_icon.png
gtom\images\icons\roles\lmg_icon.png
gtom\images\icons\roles\marksman_icon.png
gtom\images\icons\roles\med_icon.png
gtom\images\icons\roles\mmg_icon.png
gtom\images\icons\roles\other_icon.png
gtom\images\icons\roles\pilot_icon.png
gtom\images\icons\roles\rifleman_icon.png
gtom\images\icons\roles\sl_icon.png
gtom\images\icons\roles\sniper_icon.png
gtom\images\logo\gto_unit_logo.png
gtom\images\logo\gto_unit_logo_2x1.png
gtom\images\logo\gto_unit_logo_brit.png
gtom\images\logo\gtom\gtom.png
gtom\insignia\ranks\insignia_1.png
gtom\insignia\ranks\insignia_10.png
gtom\insignia\ranks\insignia_2.png
gtom\insignia\ranks\insignia_3.png
gtom\insignia\ranks\insignia_4.png
gtom\insignia\ranks\insignia_5.png
gtom\insignia\ranks\insignia_6.png
gtom\insignia\ranks\insignia_7.png
gtom\insignia\ranks\insignia_8.png
gtom\insignia\ranks\insignia_9.png
gtom\uniform\textures\gto_uniform\gto_baseuniform.png
gtom\wearables\textures\beret\h_beret_eaf_01_ca.png
gtom\wearables\textures\beret\export\gto_beret_black.png
gtom\wearables\textures\beret\export\gto_beret_blue.png
gtom\wearables\textures\beret\export\gto_beret_gray.png
gtom\wearables\textures\beret\export\gto_beret_green.png
gtom\wearables\textures\beret\export\gto_beret_orange.png
gtom\wearables\textures\beret\export\gto_beret_pink.png
gtom\wearables\textures\beret\export\gto_beret_red.png
gtom\wearables\textures\beret\export\gto_beret_violett.png
gtom\wearables\textures\beret\export\gto_beret_white.png
gtom\wearables\textures\beret\export\gto_beret_yellow.png
gtom\wearables\textures\ilbe\ilbe.png
gtom\wearables\textures\ilbe\ilbe_alpine.png
gtom\wearables\textures\ilbe\ilbe_arid.png
gtom\wearables\textures\ilbe\ilbe_black.png
gtom\wearables\textures\ilbe\ilbe_d.png
gtom\wearables\textures\ilbe\ilbe_gr.png
gtom\wearables\textures\ilbe\ilbe_medic.png
gtom\wearables\textures\ilbe\ilbe_multicam.png
gtom\wearables\textures\ilbe\ilbe_multicamtropic.png
gtom\wearables\textures\ilbe\ilbe_ocp.png
gtom\wearables\textures\ilbe\ilbe_oga.png
gtom\wearables\textures\ilbe\ilbe_wd.png
gtom\wearables\textures\specialvests\spielleitung_vest.png
gtom\wearables\textures\specialvests\zeus_vest.png
